== code ==
0000    1 OP_CONSTANT         0 '1'
0002    | OP_NEGATE
0003    | OP_CONSTANT         1 '2'
0005    | OP_ADD
0006    | OP_CONSTANT         2 '3'
0008    | OP_MULTIPLY
0009    | OP_CONSTANT         3 '4'
0011    | OP_NEGATE
0012    | OP_SUBTRACT
0013    2 OP_RETURN
    
0000    1 OP_CONSTANT         0 '1'
    [ 1 ]
0002    | OP_NEGATE
    [ -1 ]
0003    | OP_CONSTANT         1 '2'
    [ -1 ][ 2 ]
0005    | OP_ADD
    [ 1 ]
0006    | OP_CONSTANT         2 '3'
    [ 1 ][ 3 ]
0008    | OP_MULTIPLY
    [ 3 ]
0009    | OP_CONSTANT         3 '4'
    [ 3 ][ 4 ]
0011    | OP_NEGATE
    [ 3 ][ -4 ]
0012    | OP_SUBTRACT
    [ 7 ]
0013    2 OP_RETURN
7
